2026-09-13T05:42:52.465Z [INFO] ----------------------invoke appmod-list-jdks----------------------
2026-09-13T05:42:52.468Z [INFO] [Tool.invoke]({name: appmod-list-jdks, modelId: auto, input: {
  "additionalSearchPaths": [
    "C:\\Program Files\\Java",
    "C:\\Program Files\\Eclipse Adoptium",
    "C:\\Users\\Admin\\.jdk"
  ],
  "projectPath": "c:\\Users\\Admin\\Desktop\\CAS"
}}).
2026-09-13T05:42:52.480Z [INFO] [Tool.invoke] do invoke.
2026-09-13T05:42:52.729Z [INFO] [Tool.invoke]({result: {
  "message": "We found following jdks in your system:\n\n1. Java 17.0.19\n   📁 Path: C:\\Program Files\\Microsoft\\jdk-17.0.19.10-hotspot\\bin\n   🏷️ Source: PATH,VSCode\n\n2. Java 21.0.11\n   📁 Path: C:\\Program Files\\Eclipse Adoptium\\jdk-21.0.11.10-hotspot\\bin\n   🏷️ Source: PATH,JAVA_HOME\n\n3. Java 21.0.12\n   📁 Path: C:\\Program Files\\Java\\jdk-21.0.12\\bin\n   🏷️ Source: VSCode\n\n4. Java 21.0.11\n   📁 Path: C:\\Program Files\\Microsoft\\jdk-21.0.11.10-hotspot\\bin\n   🏷️ Source: PATH\n\n5. Java 21.0.11\n   📁 Path: C:\\Program Files\\Zulu\\zulu-21\\bin\n   🏷️ Source: PATH\n\n6. Java 23.0.2\n   📁 Path: C:\\Program Files\\BellSoft\\LibericaJDK-23\\bin\n   🏷️ Source: PATH,VSCode\n\n7. Java 25.0.4.1\n   📁 Path: C:\\Users\\Admin\\AppData\\Roaming\\Code\\User\\globalStorage\\pleiades.java-extension-pack-jdk\\java\\25\\bin\n   🏷️ Source: VSCode\n\n8. Java 26.0.2.1\n   📁 Path: C:\\Users\\Admin\\AppData\\Roaming\\Code\\User\\globalStorage\\pleiades.java-extension-pack-jdk\\java\\latest\\bin\n   🏷️ Source: PATH,VSCode\n\nTotal: 8 JDK installation(s) found"
}}).
2026-09-13T05:42:52.734Z [INFO] ----------------------invoked appmod-list-jdks----------------------
2026-09-13T05:42:53.265Z [INFO] ----------------------invoke appmod-list-mavens----------------------
2026-09-13T05:42:53.273Z [INFO] [Tool.invoke]({name: appmod-list-mavens, modelId: auto, input: {
  "additionalSearchPaths": [
    "C:\\Program Files\\Apache\\maven",
    "C:\\Users\\Admin\\.maven"
  ],
  "includeVersion": true,
  "projectPath": "c:\\Users\\Admin\\Desktop\\CAS"
}}).
2026-09-13T05:42:53.294Z [INFO] [Tool.invoke] do invoke.
2026-09-13T05:42:59.117Z [INFO] [Tool.invoke]({result: {
  "message": "We found following maven installations in your system:\n\n1. Maven 3.9.16\n   📁 Path: C:\\apache-maven-3.9.16\\bin\n   🏷️ Source: MAVEN_HOME\n\n2. Maven 3.9.16\n   📁 Path: C:\\Users\\Admin\\AppData\\Roaming\\Code\\User\\globalStorage\\pleiades.java-extension-pack-jdk\\maven\\latest\\bin\n   🏷️ Source: PATH\n\nTotal: 2 Maven installation(s) found"
}}).
2026-09-13T05:42:59.119Z [INFO] ----------------------invoked appmod-list-mavens----------------------
2026-09-13T05:42:59.649Z [INFO] ---------------------prepare appmod-report-event----------------------
2026-09-13T05:42:59.664Z [INFO] [Tool.prepareInvocation]({name: appmod-report-event, input: {
  "projectPath": "c:\\Users\\Admin\\Desktop\\CAS",
  "event": "precheckCompleted",
  "status": "succeeded",
  "phase": "precheck",
  "details": {
    "components": [
      {
        "name": "jdk",
        "baseVersion": "17",
        "targetVersion": "25"
      }
    ]
  },
  "message": "Maven Java project detected; upgrading Java 17 to Java 25 LTS."
}}).
2026-09-13T05:42:59.670Z [INFO] [Tool.prepareInvocation] do prepare invocation.
2026-09-13T05:42:59.686Z [INFO] [Tool.prepareInvocation]({result: {
  "invocationMessage": "Report upgrade event"
}}).
2026-09-13T05:42:59.704Z [INFO] ----------------------prepared appmod-report-event----------------------
2026-09-13T05:42:59.955Z [INFO] ----------------------invoke appmod-report-event----------------------
2026-09-13T05:42:59.970Z [INFO] [Tool.invoke]({name: appmod-report-event, modelId: auto, input: {
  "projectPath": "c:\\Users\\Admin\\Desktop\\CAS",
  "event": "precheckCompleted",
  "status": "succeeded",
  "phase": "precheck",
  "details": {
    "components": [
      {
        "name": "jdk",
        "baseVersion": "17",
        "targetVersion": "25"
      }
    ]
  },
  "message": "Maven Java project detected; upgrading Java 17 to Java 25 LTS."
}}).
2026-09-13T05:43:00.015Z [INFO] [Tool.invoke] do invoke.
2026-09-13T05:43:00.044Z [INFO] Project c:\Users\Admin\Desktop\CAS is a maven project, try to get java version from pom.xml
2026-09-13T05:43:00.054Z [INFO] [Tool.invoke]({result: {
  "message": "Event 'precheckCompleted' reported!\nSession ID: 20260913054252,\nSession Dir: c:\\Users\\Admin\\Desktop\\CAS\\.github\\modernize\\java-upgrade\\20260913054252"
}}).
2026-09-13T05:43:00.079Z [INFO] ----------------------invoked appmod-report-event----------------------
2026-09-13T05:43:00.110Z [INFO] Project java version: 17
2026-09-13T05:43:00.113Z [INFO] Maven project detected.
2026-09-13T05:43:00.115Z [INFO] Build tool type: mvn
2026-09-13T05:43:01.337Z [INFO] JDK: {
  "name": "java",
  "path": "C:\\Program Files\\Microsoft\\jdk-17.0.19.10-hotspot\\bin",
  "version": "17"
}
2026-09-13T05:43:01.415Z [INFO] Build tool: {
  "name": "mvn",
  "path": "C:\\apache-maven-3.9.16\\bin",
  "version": "",
  "source": "MAVEN_HOME"
}
2026-09-13T05:43:01.457Z [INFO] Project config: {
  "buildTool": {
    "path": "C:\\apache-maven-3.9.16\\bin",
    "name": "mvn",
    "version": "",
    "source": "MAVEN_HOME"
  },
  "jdk": {
    "path": "C:\\Program Files\\Microsoft\\jdk-17.0.19.10-hotspot\\bin",
    "name": "java",
    "version": "17"
  },
  "name": "CAS",
  "dir": "c:\\Users\\Admin\\Desktop\\CAS"
}
2026-09-13T05:43:04.548Z [INFO] ---------------------prepare appmod-report-event----------------------
2026-09-13T05:43:04.550Z [INFO] [Tool.prepareInvocation]({name: appmod-report-event, input: {
  "sessionId": "20260913054252",
  "projectPath": "c:\\Users\\Admin\\Desktop\\CAS",
  "event": "planGenerationStarted",
  "status": "succeeded",
  "phase": "plan",
  "message": "Starting Java 25 LTS upgrade plan generation."
}}).
2026-09-13T05:43:04.562Z [INFO] [Tool.prepareInvocation] do prepare invocation.
2026-09-13T05:43:04.565Z [INFO] [Tool.prepareInvocation]({result: {
  "invocationMessage": "Report upgrade event"
}}).
2026-09-13T05:43:04.580Z [INFO] ----------------------prepared appmod-report-event----------------------
2026-09-13T05:43:04.833Z [INFO] ----------------------invoke appmod-report-event----------------------
2026-09-13T05:43:04.857Z [INFO] [Tool.invoke]({name: appmod-report-event, modelId: auto, input: {
  "sessionId": "20260913054252",
  "projectPath": "c:\\Users\\Admin\\Desktop\\CAS",
  "event": "planGenerationStarted",
  "status": "succeeded",
  "phase": "plan",
  "message": "Starting Java 25 LTS upgrade plan generation."
}}).
2026-09-13T05:43:04.872Z [INFO] [Tool.invoke] do invoke.
2026-09-13T05:43:04.880Z [INFO] [Tool.invoke]({result: {
  "message": "Event 'planGenerationStarted' reported!\nSession ID: 20260913054252,\nSession Dir: c:\\Users\\Admin\\Desktop\\CAS\\.github\\modernize\\java-upgrade\\20260913054252"
}}).
2026-09-13T05:43:04.890Z [INFO] ----------------------invoked appmod-report-event----------------------
2026-09-13T05:43:36.818Z [INFO] ---------------------prepare appmod-report-event----------------------
2026-09-13T05:43:36.834Z [INFO] [Tool.prepareInvocation]({name: appmod-report-event, input: {
  "sessionId": "20260913054252",
  "projectPath": "c:\\Users\\Admin\\Desktop\\CAS",
  "event": "planReviewed",
  "status": "succeeded",
  "phase": "plan",
  "message": "Plan reviewed: Java property-only upgrade to Java 25 with baseline, compile, tests, and CVE validation."
}}).
2026-09-13T05:43:36.887Z [INFO] [Tool.prepareInvocation] do prepare invocation.
2026-09-13T05:43:36.950Z [INFO] [Tool.prepareInvocation]({result: {
  "invocationMessage": "Report upgrade event"
}}).
2026-09-13T05:43:36.975Z [INFO] ----------------------prepared appmod-report-event----------------------
2026-09-13T05:43:37.403Z [INFO] ----------------------invoke appmod-report-event----------------------
2026-09-13T05:43:37.404Z [INFO] [Tool.invoke]({name: appmod-report-event, modelId: auto, input: {
  "sessionId": "20260913054252",
  "projectPath": "c:\\Users\\Admin\\Desktop\\CAS",
  "event": "planReviewed",
  "status": "succeeded",
  "phase": "plan",
  "message": "Plan reviewed: Java property-only upgrade to Java 25 with baseline, compile, tests, and CVE validation."
}}).
2026-09-13T05:43:37.409Z [INFO] [Tool.invoke] do invoke.
2026-09-13T05:43:37.413Z [INFO] [Tool.invoke]({result: {
  "message": "Event 'planReviewed' reported!\nSession ID: 20260913054252,\nSession Dir: c:\\Users\\Admin\\Desktop\\CAS\\.github\\modernize\\java-upgrade\\20260913054252"
}}).
2026-09-13T05:43:37.414Z [INFO] ----------------------invoked appmod-report-event----------------------
2026-09-13T05:43:39.110Z [INFO] ---------------------prepare appmod-confirm-upgrade-plan----------------------
2026-09-13T05:43:39.111Z [INFO] [Tool.prepareInvocation]({name: appmod-confirm-upgrade-plan, input: {
  "sessionId": "20260913054252",
  "autoExecute": true
}}).
2026-09-13T05:43:39.113Z [INFO] [Tool.prepareInvocation] do prepare invocation.
2026-09-13T05:43:39.115Z [INFO] [Tool.prepareInvocation]({result: {
  "invocationMessage": "Auto-executing [upgrade plan](file:///c:/Users/Admin/Desktop/CAS/.github/modernize/java-upgrade/20260913054252/plan.md)"
}}).
2026-09-13T05:43:39.117Z [INFO] ----------------------prepared appmod-confirm-upgrade-plan----------------------
2026-09-13T05:43:40.499Z [INFO] ----------------------invoke appmod-confirm-upgrade-plan----------------------
2026-09-13T05:43:40.500Z [INFO] [Tool.invoke]({name: appmod-confirm-upgrade-plan, modelId: auto, input: {
  "sessionId": "20260913054252",
  "autoExecute": true
}}).
2026-09-13T05:43:40.502Z [INFO] [Tool.invoke] do invoke.
2026-09-13T05:43:40.503Z [INFO] Upgrade plan confirmed successfully.
2026-09-13T05:43:40.505Z [INFO] [Tool.invoke]({result: {
  "message": "Generated plan is reviewed and confirmed by the user! the upgrade process will start now."
}}).
2026-09-13T05:43:40.511Z [INFO] ----------------------invoked appmod-confirm-upgrade-plan----------------------
2026-09-13T05:45:02.761Z [INFO] ----------------------invoke appmod-build-java-project----------------------
2026-09-13T05:45:02.844Z [INFO] [Tool.invoke]({name: appmod-build-java-project, modelId: auto, input: {
  "projectPath": "c:\\Users\\Admin\\Desktop\\CAS",
  "jdkPath": "C:\\Users\\Admin\\AppData\\Roaming\\Code\\User\\globalStorage\\pleiades.java-extension-pack-jdk\\java\\25\\bin",
  "buildToolPath": "C:\\apache-maven-3.9.16\\bin"
}}).
2026-09-13T05:45:02.953Z [INFO] [Tool.invoke] do invoke.
2026-09-13T05:45:03.020Z [INFO] Project c:\Users\Admin\Desktop\CAS is a maven project, try to get java version from pom.xml
2026-09-13T05:45:03.063Z [INFO] Project java version: 17
2026-09-13T05:45:03.077Z [INFO] Build tool type detected from path: mvn
2026-09-13T05:45:03.082Z [INFO] Build tool type: mvn
2026-09-13T05:45:03.114Z [INFO] JDK: {
  "name": "java",
  "path": "C:\\Users\\Admin\\AppData\\Roaming\\Code\\User\\globalStorage\\pleiades.java-extension-pack-jdk\\java\\25\\bin",
  "version": "17"
}
2026-09-13T05:45:03.128Z [INFO] Build tool: {
  "name": "mvn",
  "path": "C:\\apache-maven-3.9.16\\bin",
  "version": ""
}
2026-09-13T05:45:03.152Z [INFO] Project config: {
  "buildTool": {
    "path": "C:\\apache-maven-3.9.16\\bin",
    "name": "mvn",
    "version": ""
  },
  "jdk": {
    "path": "C:\\Users\\Admin\\AppData\\Roaming\\Code\\User\\globalStorage\\pleiades.java-extension-pack-jdk\\java\\25\\bin",
    "name": "java",
    "version": "17"
  },
  "name": "CAS",
  "dir": "c:\\Users\\Admin\\Desktop\\CAS"
}
2026-09-13T05:45:03.202Z [INFO] [MavenBuildTool] Getting build errors of c:\Users\Admin\Desktop\CAS using Maven
2026-09-13T05:45:03.231Z [INFO] [Environment] Running command (Java undefined): mvn clean test-compile -q -B -fn -Dossindex.skip=true -Dlicense.skip=true -Dcheckstyle.skip=true -DskipLicenseCheck=true -DskipCheckStyle=true -Dpmd.skip=true -Denforcer.skip=true -Drat.skip=true
2026-09-13T05:45:28.665Z [INFO] [MavenBuildTool] parsing compilation errors.
2026-09-13T05:45:28.670Z [INFO] [MavenBuildTool] Getting all module coordinates of c:\Users\Admin\Desktop\CAS
2026-09-13T05:45:28.981Z [INFO] [MavenBuildTool] Getting effective POMs of c:\Users\Admin\Desktop\CAS
2026-09-13T05:45:29.221Z [INFO] [Environment] Running command (Java undefined): mvn help:effective-pom -Doutput=effective-pom-d316421e-8cc2-4824-b84c-6fc4e74f436a.log
[INFO] Scanning for projects...
[INFO] 
[INFO] -------------< com.college:college-administration-system >--------------
[INFO] Building college-administration-system 1.0-SNAPSHOT
[INFO]   from pom.xml
[INFO] --------------------------------[ jar ]---------------------------------
[INFO] 
[INFO] --- help:3.4.0:effective-pom (default-cli) @ college-administration-system ---
[INFO] Effective-POM written to: c:\Users\Admin\Desktop\CAS\effective-pom-d316421e-8cc2-4824-b84c-6fc4e74f436a.log
[INFO] ------------------------------------------------------------------------
[INFO] BUILD SUCCESS
[INFO] ------------------------------------------------------------------------
[INFO] Total time:  5.206 s
[INFO] Finished at: 2026-09-13T11:15:43+05:30
[INFO] ------------------------------------------------------------------------
2026-09-13T05:45:44.027Z [INFO] [BaseBuildTool] Found 1 modules: .
2026-09-13T05:45:44.097Z [INFO] [BaseBuildTool] Finish counting Java and class files
2026-09-13T05:45:44.227Z [INFO] [MavenBuildTool] Cleaning c:\Users\Admin\Desktop\CAS using Maven
2026-09-13T05:45:44.434Z [INFO] [Environment] Running command (Java undefined): mvn clean -q -B -fn
2026-09-13T05:45:56.781Z [INFO] [MavenBuildTool] Getting Java version of c:\Users\Admin\Desktop\CAS from pom.xml
2026-09-13T05:45:56.782Z [INFO] [MavenBuildTool] Searching for pom.xml files in c:\Users\Admin\Desktop\CAS
2026-09-13T05:45:56.808Z [INFO] Build succeeded! There are no build errors in the project.
2026-09-13T05:45:56.810Z [INFO] [MavenBuildTool] Found pom.xml files: c:\Users\Admin\Desktop\CAS\pom.xml
2026-09-13T05:45:56.813Z [INFO] [Tool.invoke]({result: {
  "message": "Build succeeded! There are no build errors in the project.",
  "result": {
    "numOfJavaFiles": 14,
    "numOfClassFiles": 14,
    "modulesBuildResult": {
      ".": {
        "numOfJavaFiles": 14,
        "numOfClassFiles": 14
      }
    },
    "errors": [],
    "command": "mvn clean test-compile -q -B -fn -Dossindex.skip=true -Dlicense.skip=true -Dcheckstyle.skip=true -DskipLicenseCheck=true -DskipCheckStyle=true -Dpmd.skip=true -Denforcer.skip=true -Drat.skip=true"
  },
  "telemetry": {
    "result": "succeeded"
  }
}}).
2026-09-13T05:45:56.818Z [INFO] ----------------------invoked appmod-build-java-project----------------------
2026-09-13T05:45:56.877Z [INFO] [MavenBuildTool] Java version found in c:\Users\Admin\Desktop\CAS\pom.xml: 17
2026-09-13T05:48:08.097Z [INFO] ----------------------invoke appmod-build-java-project----------------------
2026-09-13T05:48:08.103Z [INFO] [Tool.invoke]({name: appmod-build-java-project, modelId: auto, input: {
  "projectPath": "c:\\Users\\Admin\\Desktop\\CAS",
  "jdkPath": "C:\\Users\\Admin\\AppData\\Roaming\\Code\\User\\globalStorage\\pleiades.java-extension-pack-jdk\\java\\25\\bin",
  "buildToolPath": "C:\\apache-maven-3.9.16\\bin"
}}).
2026-09-13T05:48:08.110Z [INFO] [Tool.invoke] do invoke.
2026-09-13T05:48:08.125Z [INFO] Project c:\Users\Admin\Desktop\CAS is a maven project, try to get java version from pom.xml
2026-09-13T05:48:08.134Z [INFO] Project java version: 17
2026-09-13T05:48:08.139Z [INFO] Build tool type detected from path: mvn
2026-09-13T05:48:08.141Z [INFO] Build tool type: mvn
2026-09-13T05:48:08.142Z [INFO] JDK: {
  "name": "java",
  "path": "C:\\Users\\Admin\\AppData\\Roaming\\Code\\User\\globalStorage\\pleiades.java-extension-pack-jdk\\java\\25\\bin",
  "version": "17"
}
2026-09-13T05:48:08.158Z [INFO] Build tool: {
  "name": "mvn",
  "path": "C:\\apache-maven-3.9.16\\bin",
  "version": ""
}
2026-09-13T05:48:08.161Z [INFO] Project config: {
  "buildTool": {
    "path": "C:\\apache-maven-3.9.16\\bin",
    "name": "mvn",
    "version": ""
  },
  "jdk": {
    "path": "C:\\Users\\Admin\\AppData\\Roaming\\Code\\User\\globalStorage\\pleiades.java-extension-pack-jdk\\java\\25\\bin",
    "name": "java",
    "version": "17"
  },
  "name": "CAS",
  "dir": "c:\\Users\\Admin\\Desktop\\CAS"
}
2026-09-13T05:48:08.173Z [INFO] [MavenBuildTool] Getting build errors of c:\Users\Admin\Desktop\CAS using Maven
2026-09-13T05:48:08.193Z [INFO] [Environment] Running command (Java undefined): mvn clean test-compile -q -B -fn -Dossindex.skip=true -Dlicense.skip=true -Dcheckstyle.skip=true -DskipLicenseCheck=true -DskipCheckStyle=true -Dpmd.skip=true -Denforcer.skip=true -Drat.skip=true
2026-09-13T05:48:34.331Z [INFO] [MavenBuildTool] parsing compilation errors.
2026-09-13T05:48:34.334Z [INFO] [MavenBuildTool] Getting all module coordinates of c:\Users\Admin\Desktop\CAS
2026-09-13T05:48:34.346Z [INFO] [MavenBuildTool] Getting effective POMs of c:\Users\Admin\Desktop\CAS
2026-09-13T05:48:34.351Z [INFO] [Environment] Running command (Java undefined): mvn help:effective-pom -Doutput=effective-pom-b0c0deee-cafc-473e-8e13-72b745ae8f9f.log
[INFO] Scanning for projects...
[INFO] 
[INFO] -------------< com.college:college-administration-system >--------------
[INFO] Building college-administration-system 1.0-SNAPSHOT
[INFO]   from pom.xml
[INFO] --------------------------------[ jar ]---------------------------------
[INFO] 
[INFO] --- help:3.4.0:effective-pom (default-cli) @ college-administration-system ---
[INFO] Effective-POM written to: c:\Users\Admin\Desktop\CAS\effective-pom-b0c0deee-cafc-473e-8e13-72b745ae8f9f.log
[INFO] ------------------------------------------------------------------------
[INFO] BUILD SUCCESS
[INFO] ------------------------------------------------------------------------
[INFO] Total time:  3.430 s
[INFO] Finished at: 2026-09-13T11:18:46+05:30
[INFO] ------------------------------------------------------------------------
2026-09-13T05:48:47.244Z [INFO] [BaseBuildTool] Found 1 modules: .
2026-09-13T05:48:47.802Z [INFO] [BaseBuildTool] Finish counting Java and class files
2026-09-13T05:48:47.856Z [INFO] [MavenBuildTool] Cleaning c:\Users\Admin\Desktop\CAS using Maven
2026-09-13T05:48:48.022Z [INFO] [Environment] Running command (Java undefined): mvn clean -q -B -fn
2026-09-13T05:48:56.524Z [INFO] [MavenBuildTool] Getting Java version of c:\Users\Admin\Desktop\CAS from pom.xml
2026-09-13T05:48:56.525Z [INFO] [MavenBuildTool] Searching for pom.xml files in c:\Users\Admin\Desktop\CAS
2026-09-13T05:48:56.527Z [INFO] Build succeeded! There are no build errors in the project.
2026-09-13T05:48:56.540Z [INFO] [MavenBuildTool] Found pom.xml files: c:\Users\Admin\Desktop\CAS\pom.xml
2026-09-13T05:48:56.541Z [INFO] [Tool.invoke]({result: {
  "message": "Build succeeded! There are no build errors in the project.",
  "result": {
    "numOfJavaFiles": 14,
    "numOfClassFiles": 14,
    "modulesBuildResult": {
      ".": {
        "numOfJavaFiles": 14,
        "numOfClassFiles": 14
      }
    },
    "errors": [],
    "command": "mvn clean test-compile -q -B -fn -Dossindex.skip=true -Dlicense.skip=true -Dcheckstyle.skip=true -DskipLicenseCheck=true -DskipCheckStyle=true -Dpmd.skip=true -Denforcer.skip=true -Drat.skip=true"
  },
  "telemetry": {
    "result": "succeeded"
  }
}}).
2026-09-13T05:48:56.542Z [INFO] ----------------------invoked appmod-build-java-project----------------------
2026-09-13T05:48:56.672Z [INFO] [MavenBuildTool] Java version found in c:\Users\Admin\Desktop\CAS\pom.xml: 17
2026-09-13T05:49:12.037Z [INFO] ---------------------prepare appmod-build-java-project----------------------
2026-09-13T05:49:12.038Z [INFO] [Tool.prepareInvocation]({name: appmod-build-java-project, input: {
  "projectPath": "c:\\Users\\Admin\\Desktop\\CAS",
  "jdkPath": "C:\\Users\\Admin\\AppData\\Roaming\\Code\\User\\globalStorage\\pleiades.java-extension-pack-jdk\\java\\25\\bin",
  "buildToolPath": "C:\\apache-maven-3.9.16\\bin"
}}).
2026-09-13T05:49:12.053Z [INFO] [Tool.prepareInvocation] do prepare invocation.
2026-09-13T05:49:12.055Z [INFO] [Tool.prepareInvocation]({result: {
  "invocationMessage": "Build project"
}}).
2026-09-13T05:49:12.056Z [INFO] ----------------------prepared appmod-build-java-project----------------------
2026-09-13T05:49:13.182Z [INFO] ----------------------invoke appmod-build-java-project----------------------
2026-09-13T05:49:13.183Z [INFO] [Tool.invoke]({name: appmod-build-java-project, modelId: auto, input: {
  "projectPath": "c:\\Users\\Admin\\Desktop\\CAS",
  "jdkPath": "C:\\Users\\Admin\\AppData\\Roaming\\Code\\User\\globalStorage\\pleiades.java-extension-pack-jdk\\java\\25\\bin",
  "buildToolPath": "C:\\apache-maven-3.9.16\\bin"
}}).
2026-09-13T05:49:13.187Z [INFO] [Tool.invoke] do invoke.
2026-09-13T05:49:13.189Z [INFO] Project c:\Users\Admin\Desktop\CAS is a maven project, try to get java version from pom.xml
2026-09-13T05:49:13.197Z [INFO] Project java version: 17
2026-09-13T05:49:13.199Z [INFO] Build tool type detected from path: mvn
2026-09-13T05:49:13.201Z [INFO] Build tool type: mvn
2026-09-13T05:49:13.203Z [INFO] JDK: {
  "name": "java",
  "path": "C:\\Users\\Admin\\AppData\\Roaming\\Code\\User\\globalStorage\\pleiades.java-extension-pack-jdk\\java\\25\\bin",
  "version": "17"
}
2026-09-13T05:49:13.218Z [INFO] Build tool: {
  "name": "mvn",
  "path": "C:\\apache-maven-3.9.16\\bin",
  "version": ""
}
2026-09-13T05:49:13.222Z [INFO] Project config: {
  "buildTool": {
    "path": "C:\\apache-maven-3.9.16\\bin",
    "name": "mvn",
    "version": ""
  },
  "jdk": {
    "path": "C:\\Users\\Admin\\AppData\\Roaming\\Code\\User\\globalStorage\\pleiades.java-extension-pack-jdk\\java\\25\\bin",
    "name": "java",
    "version": "17"
  },
  "name": "CAS",
  "dir": "c:\\Users\\Admin\\Desktop\\CAS"
}
2026-09-13T05:49:13.249Z [INFO] [MavenBuildTool] Getting build errors of c:\Users\Admin\Desktop\CAS using Maven
2026-09-13T05:49:13.256Z [INFO] [Environment] Running command (Java undefined): mvn clean test-compile -q -B -fn -Dossindex.skip=true -Dlicense.skip=true -Dcheckstyle.skip=true -DskipLicenseCheck=true -DskipCheckStyle=true -Dpmd.skip=true -Denforcer.skip=true -Drat.skip=true
2026-09-13T05:49:31.490Z [INFO] [MavenBuildTool] parsing compilation errors.
2026-09-13T05:49:31.492Z [INFO] [MavenBuildTool] Getting all module coordinates of c:\Users\Admin\Desktop\CAS
2026-09-13T05:49:31.494Z [INFO] [MavenBuildTool] Getting effective POMs of c:\Users\Admin\Desktop\CAS
2026-09-13T05:49:31.506Z [INFO] [Environment] Running command (Java undefined): mvn help:effective-pom -Doutput=effective-pom-90f3b462-7fc7-4ce1-8690-fb9c64150271.log
[INFO] Scanning for projects...
[INFO] 
[INFO] -------------< com.college:college-administration-system >--------------
[INFO] Building college-administration-system 1.0-SNAPSHOT
[INFO]   from pom.xml
[INFO] --------------------------------[ jar ]---------------------------------
[INFO] 
[INFO] --- help:3.4.0:effective-pom (default-cli) @ college-administration-system ---
[INFO] Effective-POM written to: c:\Users\Admin\Desktop\CAS\effective-pom-90f3b462-7fc7-4ce1-8690-fb9c64150271.log
[INFO] ------------------------------------------------------------------------
[INFO] BUILD SUCCESS
[INFO] ------------------------------------------------------------------------
[INFO] Total time:  2.594 s
[INFO] Finished at: 2026-09-13T11:19:38+05:30
[INFO] ------------------------------------------------------------------------
2026-09-13T05:49:39.216Z [INFO] [BaseBuildTool] Found 1 modules: .
2026-09-13T05:49:39.266Z [INFO] [BaseBuildTool] Finish counting Java and class files
2026-09-13T05:49:39.268Z [INFO] [MavenBuildTool] Cleaning c:\Users\Admin\Desktop\CAS using Maven
2026-09-13T05:49:39.283Z [INFO] [Environment] Running command (Java undefined): mvn clean -q -B -fn
2026-09-13T05:49:45.765Z [INFO] [MavenBuildTool] Getting Java version of c:\Users\Admin\Desktop\CAS from pom.xml
2026-09-13T05:49:45.767Z [INFO] [MavenBuildTool] Searching for pom.xml files in c:\Users\Admin\Desktop\CAS
2026-09-13T05:49:45.768Z [INFO] Build succeeded! There are no build errors in the project.
2026-09-13T05:49:45.769Z [INFO] [MavenBuildTool] Found pom.xml files: c:\Users\Admin\Desktop\CAS\pom.xml
2026-09-13T05:49:45.780Z [INFO] [Tool.invoke]({result: {
  "message": "Build succeeded! There are no build errors in the project.",
  "result": {
    "numOfJavaFiles": 14,
    "numOfClassFiles": 14,
    "modulesBuildResult": {
      ".": {
        "numOfJavaFiles": 14,
        "numOfClassFiles": 14
      }
    },
    "errors": [],
    "command": "mvn clean test-compile -q -B -fn -Dossindex.skip=true -Dlicense.skip=true -Dcheckstyle.skip=true -DskipLicenseCheck=true -DskipCheckStyle=true -Dpmd.skip=true -Denforcer.skip=true -Drat.skip=true"
  },
  "telemetry": {
    "result": "succeeded"
  }
}}).
2026-09-13T05:49:45.781Z [INFO] ----------------------invoked appmod-build-java-project----------------------
2026-09-13T05:49:45.883Z [INFO] [MavenBuildTool] Java version found in c:\Users\Admin\Desktop\CAS\pom.xml: 17
2026-09-13T05:52:42.480Z [INFO] ----------------------invoke appmod-build-java-project----------------------
2026-09-13T05:52:42.632Z [INFO] [Tool.invoke]({name: appmod-build-java-project, modelId: auto, input: {
  "projectPath": "c:\\Users\\Admin\\Desktop\\CAS",
  "jdkPath": "C:\\Users\\Admin\\AppData\\Roaming\\Code\\User\\globalStorage\\pleiades.java-extension-pack-jdk\\java\\25\\bin",
  "buildToolPath": "C:\\apache-maven-3.9.16\\bin"
}}).
2026-09-13T05:52:42.967Z [INFO] [Tool.invoke] do invoke.
2026-09-13T05:52:43.011Z [INFO] Project c:\Users\Admin\Desktop\CAS is a maven project, try to get java version from pom.xml
2026-09-13T05:52:43.197Z [INFO] Project java version: 17
2026-09-13T05:52:43.200Z [INFO] Build tool type detected from path: mvn
2026-09-13T05:52:43.210Z [INFO] Build tool type: mvn
2026-09-13T05:52:43.213Z [INFO] JDK: {
  "name": "java",
  "path": "C:\\Users\\Admin\\AppData\\Roaming\\Code\\User\\globalStorage\\pleiades.java-extension-pack-jdk\\java\\25\\bin",
  "version": "17"
}
2026-09-13T05:52:43.215Z [INFO] Build tool: {
  "name": "mvn",
  "path": "C:\\apache-maven-3.9.16\\bin",
  "version": ""
}
2026-09-13T05:52:43.228Z [INFO] Project config: {
  "buildTool": {
    "path": "C:\\apache-maven-3.9.16\\bin",
    "name": "mvn",
    "version": ""
  },
  "jdk": {
    "path": "C:\\Users\\Admin\\AppData\\Roaming\\Code\\User\\globalStorage\\pleiades.java-extension-pack-jdk\\java\\25\\bin",
    "name": "java",
    "version": "17"
  },
  "name": "CAS",
  "dir": "c:\\Users\\Admin\\Desktop\\CAS"
}
2026-09-13T05:52:43.260Z [INFO] [MavenBuildTool] Getting build errors of c:\Users\Admin\Desktop\CAS using Maven
2026-09-13T05:52:43.277Z [INFO] [Environment] Running command (Java undefined): mvn clean test-compile -q -B -fn -Dossindex.skip=true -Dlicense.skip=true -Dcheckstyle.skip=true -DskipLicenseCheck=true -DskipCheckStyle=true -Dpmd.skip=true -Denforcer.skip=true -Drat.skip=true
2026-09-13T05:53:16.416Z [INFO] [MavenBuildTool] parsing compilation errors.
2026-09-13T05:53:16.422Z [INFO] [MavenBuildTool] Getting all module coordinates of c:\Users\Admin\Desktop\CAS
2026-09-13T05:53:16.423Z [INFO] [MavenBuildTool] Getting effective POMs of c:\Users\Admin\Desktop\CAS
2026-09-13T05:53:16.436Z [INFO] [Environment] Running command (Java undefined): mvn help:effective-pom -Doutput=effective-pom-8745718a-622e-4958-b9d7-d76deb0a128d.log
[INFO] Scanning for projects...
[INFO] 
[INFO] -------------< com.college:college-administration-system >--------------
[INFO] Building college-administration-system 1.0-SNAPSHOT
[INFO]   from pom.xml
[INFO] --------------------------------[ jar ]---------------------------------
[INFO] 
[INFO] --- help:3.4.0:effective-pom (default-cli) @ college-administration-system ---
[INFO] Effective-POM written to: c:\Users\Admin\Desktop\CAS\effective-pom-8745718a-622e-4958-b9d7-d76deb0a128d.log
[INFO] ------------------------------------------------------------------------
[INFO] BUILD SUCCESS
[INFO] ------------------------------------------------------------------------
[INFO] Total time:  2.821 s
[INFO] Finished at: 2026-09-13T11:23:25+05:30
[INFO] ------------------------------------------------------------------------
2026-09-13T05:53:25.448Z [INFO] [BaseBuildTool] Found 1 modules: .
2026-09-13T05:53:25.489Z [INFO] [BaseBuildTool] Finish counting Java and class files
2026-09-13T05:53:25.492Z [INFO] [MavenBuildTool] Cleaning c:\Users\Admin\Desktop\CAS using Maven
2026-09-13T05:53:25.503Z [INFO] [Environment] Running command (Java undefined): mvn clean -q -B -fn
2026-09-13T05:53:34.280Z [INFO] [MavenBuildTool] Getting Java version of c:\Users\Admin\Desktop\CAS from pom.xml
2026-09-13T05:53:34.282Z [INFO] [MavenBuildTool] Searching for pom.xml files in c:\Users\Admin\Desktop\CAS
2026-09-13T05:53:34.285Z [INFO] Build succeeded! There are no build errors in the project.
2026-09-13T05:53:34.294Z [INFO] [MavenBuildTool] Found pom.xml files: c:\Users\Admin\Desktop\CAS\pom.xml
2026-09-13T05:53:34.305Z [INFO] [Tool.invoke]({result: {
  "message": "Build succeeded! There are no build errors in the project.",
  "result": {
    "numOfJavaFiles": 14,
    "numOfClassFiles": 14,
    "modulesBuildResult": {
      ".": {
        "numOfJavaFiles": 14,
        "numOfClassFiles": 14
      }
    },
    "errors": [],
    "command": "mvn clean test-compile -q -B -fn -Dossindex.skip=true -Dlicense.skip=true -Dcheckstyle.skip=true -DskipLicenseCheck=true -DskipCheckStyle=true -Dpmd.skip=true -Denforcer.skip=true -Drat.skip=true"
  },
  "telemetry": {
    "result": "succeeded"
  }
}}).
2026-09-13T05:53:34.306Z [INFO] ----------------------invoked appmod-build-java-project----------------------
2026-09-13T05:53:34.482Z [INFO] [MavenBuildTool] Java version found in c:\Users\Admin\Desktop\CAS\pom.xml: 17
2026-09-13T05:53:44.558Z [INFO] ---------------------prepare appmod-build-java-project----------------------
2026-09-13T05:53:44.603Z [INFO] [Tool.prepareInvocation]({name: appmod-build-java-project, input: {
  "projectPath": "c:\\Users\\Admin\\Desktop\\CAS",
  "jdkPath": "C:\\Users\\Admin\\AppData\\Roaming\\Code\\User\\globalStorage\\pleiades.java-extension-pack-jdk\\java\\25\\bin",
  "buildToolPath": "C:\\apache-maven-3.9.16\\bin"
}}).
2026-09-13T05:53:44.605Z [INFO] [Tool.prepareInvocation] do prepare invocation.
2026-09-13T05:53:44.608Z [INFO] [Tool.prepareInvocation]({result: {
  "invocationMessage": "Build project"
}}).
2026-09-13T05:53:44.610Z [INFO] ----------------------prepared appmod-build-java-project----------------------
2026-09-13T05:53:44.817Z [INFO] ----------------------invoke appmod-build-java-project----------------------
2026-09-13T05:53:44.839Z [INFO] [Tool.invoke]({name: appmod-build-java-project, modelId: auto, input: {
  "projectPath": "c:\\Users\\Admin\\Desktop\\CAS",
  "jdkPath": "C:\\Users\\Admin\\AppData\\Roaming\\Code\\User\\globalStorage\\pleiades.java-extension-pack-jdk\\java\\25\\bin",
  "buildToolPath": "C:\\apache-maven-3.9.16\\bin"
}}).
2026-09-13T05:53:44.844Z [INFO] [Tool.invoke] do invoke.
2026-09-13T05:53:44.851Z [INFO] Project c:\Users\Admin\Desktop\CAS is a maven project, try to get java version from pom.xml
2026-09-13T05:53:44.858Z [INFO] Project java version: 17
2026-09-13T05:53:44.860Z [INFO] Build tool type detected from path: mvn
2026-09-13T05:53:44.861Z [INFO] Build tool type: mvn
2026-09-13T05:53:44.862Z [INFO] JDK: {
  "name": "java",
  "path": "C:\\Users\\Admin\\AppData\\Roaming\\Code\\User\\globalStorage\\pleiades.java-extension-pack-jdk\\java\\25\\bin",
  "version": "17"
}
2026-09-13T05:53:44.868Z [INFO] Build tool: {
  "name": "mvn",
  "path": "C:\\apache-maven-3.9.16\\bin",
  "version": ""
}
2026-09-13T05:53:44.869Z [INFO] Project config: {
  "buildTool": {
    "path": "C:\\apache-maven-3.9.16\\bin",
    "name": "mvn",
    "version": ""
  },
  "jdk": {
    "path": "C:\\Users\\Admin\\AppData\\Roaming\\Code\\User\\globalStorage\\pleiades.java-extension-pack-jdk\\java\\25\\bin",
    "name": "java",
    "version": "17"
  },
  "name": "CAS",
  "dir": "c:\\Users\\Admin\\Desktop\\CAS"
}
2026-09-13T05:53:44.871Z [INFO] [MavenBuildTool] Getting build errors of c:\Users\Admin\Desktop\CAS using Maven
2026-09-13T05:53:44.877Z [INFO] [Environment] Running command (Java undefined): mvn clean test-compile -q -B -fn -Dossindex.skip=true -Dlicense.skip=true -Dcheckstyle.skip=true -DskipLicenseCheck=true -DskipCheckStyle=true -Dpmd.skip=true -Denforcer.skip=true -Drat.skip=true
2026-09-13T05:53:57.484Z [INFO] [MavenBuildTool] parsing compilation errors.
2026-09-13T05:53:57.488Z [INFO] [MavenBuildTool] Getting all module coordinates of c:\Users\Admin\Desktop\CAS
2026-09-13T05:53:57.491Z [INFO] [MavenBuildTool] Getting effective POMs of c:\Users\Admin\Desktop\CAS
2026-09-13T05:53:57.502Z [INFO] [Environment] Running command (Java undefined): mvn help:effective-pom -Doutput=effective-pom-34b36d7c-7ac2-4c7c-a352-d10d60ddf8d9.log
[INFO] Scanning for projects...
[INFO] 
[INFO] -------------< com.college:college-administration-system >--------------
[INFO] Building college-administration-system 1.0-SNAPSHOT
[INFO]   from pom.xml
[INFO] --------------------------------[ jar ]---------------------------------
[INFO] 
[INFO] --- help:3.4.0:effective-pom (default-cli) @ college-administration-system ---
[INFO] Effective-POM written to: c:\Users\Admin\Desktop\CAS\effective-pom-34b36d7c-7ac2-4c7c-a352-d10d60ddf8d9.log
[INFO] ------------------------------------------------------------------------
[INFO] BUILD SUCCESS
[INFO] ------------------------------------------------------------------------
[INFO] Total time:  2.305 s
[INFO] Finished at: 2026-09-13T11:24:04+05:30
[INFO] ------------------------------------------------------------------------
2026-09-13T05:54:04.727Z [INFO] [BaseBuildTool] Found 1 modules: .
2026-09-13T05:54:04.786Z [INFO] [BaseBuildTool] Finish counting Java and class files
2026-09-13T05:54:04.794Z [INFO] [MavenBuildTool] Cleaning c:\Users\Admin\Desktop\CAS using Maven
2026-09-13T05:54:04.820Z [INFO] [Environment] Running command (Java undefined): mvn clean -q -B -fn
2026-09-13T05:54:10.700Z [INFO] [MavenBuildTool] Getting Java version of c:\Users\Admin\Desktop\CAS from pom.xml
2026-09-13T05:54:10.704Z [INFO] [MavenBuildTool] Searching for pom.xml files in c:\Users\Admin\Desktop\CAS
2026-09-13T05:54:10.706Z [INFO] Build succeeded! There are no build errors in the project.
2026-09-13T05:54:10.717Z [INFO] [MavenBuildTool] Found pom.xml files: c:\Users\Admin\Desktop\CAS\pom.xml
2026-09-13T05:54:10.718Z [INFO] [Tool.invoke]({result: {
  "message": "Build succeeded! There are no build errors in the project.",
  "result": {
    "numOfJavaFiles": 14,
    "numOfClassFiles": 14,
    "modulesBuildResult": {
      ".": {
        "numOfJavaFiles": 14,
        "numOfClassFiles": 14
      }
    },
    "errors": [],
    "command": "mvn clean test-compile -q -B -fn -Dossindex.skip=true -Dlicense.skip=true -Dcheckstyle.skip=true -DskipLicenseCheck=true -DskipCheckStyle=true -Dpmd.skip=true -Denforcer.skip=true -Drat.skip=true"
  },
  "telemetry": {
    "result": "succeeded"
  }
}}).
2026-09-13T05:54:10.719Z [INFO] ----------------------invoked appmod-build-java-project----------------------
2026-09-13T05:54:10.723Z [INFO] [MavenBuildTool] Java version found in c:\Users\Admin\Desktop\CAS\pom.xml: 17
